[0m.hidden[0m 
[01;34mdir[0m/
[01;32mexec[0m*
[0mfile[0m 
[01;34mldir[0m>
[01;36mlexec[0m@
[01;36mlfile[0m@
[01;34mlldir[0m>
[01;36mllexec[0m@
[01;36mllfile[0m@
[mllorphan[0m&
[01;36mllpipe[0m@
[mlorphan[0m&
[01;36mlpipe[0m@
[33mpipe[0m|
