[0m.hidden[0m 
[01;31;48;21mdir[0m/
[01;35;48;21mexec[0m*
[0mfile[0m 
[01;31;48;21mldir[0m>
[01;32;48;21mlexec[0m@
[01;32;48;21mlfile[0m@
[01;31;48;21mlldir[0m>
[01;32;48;21mllexec[0m@
[01;32;48;21mllfile[0m@
[mllorphan[0m&
[01;32;48;21mllpipe[0m@
[mlorphan[0m&
[01;32;48;21mlpipe[0m@
[01;34;48;21mpipe[0m|
