../
./
.hidden 
dir-ow/
dir-st/
dir-tw/
dir/
exec*
file 
ldir-ow@
ldir-st@
ldir-tw@
ldir@
lexec@
lfile@
link1 
link2 
lldir-ow@
lldir-st@
lldir-tw@
lldir@
llexec@
llfile@
llorphan@
llpipe@
lorphan@
lpipe@
pipe|
